main.c:65:6:ft_create_morze_array	24	static
main.c:107:6:ft_strdel	16	static
main.c:113:7:ft_strjoin	32	static
main.c:142:6:ft_pause_1	16	static
main.c:149:6:ft_pause_3	16	static
main.c:156:6:ft_small_signal	16	static
main.c:164:6:ft_big_signal	16	static
main.c:172:6:ft_light_letter	32	static
main.c:209:6:ft_delete_first	32	static
main.c:243:5:main	16	static
main.c:300:6:SystemClock_Config	96	static
main.c:341:13:MX_USART1_UART_Init	8	static
main.c:376:13:MX_GPIO_Init	48	static
main.c:398:6:HAL_UART_RxCpltCallback	32	static
main.c:425:6:Error_Handler	8	static
